==================================================================
=== Cleara on GenLayer — End-to-End Live Proving Lifecycle ===
==================================================================
Alice (Deployer/Party A): 0x85B5948Ecc0b20A89267F7C6f35f656C38268642
Bob (Counterparty/Party B): 0x70997970C51812dc3A010C7d01b50e0d17dc79C8
GenLayer Coordinator: 0xF75595614305B537eA8bfD5fF3C53d074192eB2F
Sepolia Vault: 0x277341fc7c2481606ac69922a35b42344be5ec6f
Base Sepolia Vault: 0xe2b01f99107a6ad24a6bdd8e34f7e864434c69ad

--- Step 1: Verify Initial EVM Vault State ---
Sepolia Vault Deposit (0xa5f9c71c...): state=1 (expected 1=LOCKED), amount=1000000000000000 wei (0.001 ETH)
Base Vault Deposit    (0x0909d8b4...): state=1 (expected 1=LOCKED), amount=600000000000000 wei (0.0006 ETH)

--- Step 2: Register Reciprocal Obligations on GenLayer ---
[GenLayer] Estimating fees for record_obligation...
[GenLayer] Submitting record_obligation from 0x85B5948Ecc0b20A89267F7C6f35f656C38268642...
[GenLayer] Tx hash: 0x3ceb35c7235e543173d6bcc403761c8657d8602e2e132b2f849694c1cf7adec3. Waiting for consensus decision...
[GenLayer] Decided: status=5, execution=FINISHED_WITH_RETURN
[GenLayer] Estimating fees for record_obligation...
[GenLayer] Submitting record_obligation from 0x70997970C51812dc3A010C7d01b50e0d17dc79C8...
[GenLayer] Tx hash: 0x2bfdd2a4882c0f54d3820a0ae6bfdaea4c38d9b83c11bc51c472cf94a5a333de. Waiting for consensus decision...
[GenLayer] Decided: status=5, execution=FINISHED_WITH_RETURN
Registered obligations: obl-1 and obl-2

--- Step 3: Multi-Validator strict_eq RPC Verification ---
Verifying obl-1 on Sepolia...
[GenLayer] Estimating fees for verify_source_event...
[GenLayer] Submitting verify_source_event from 0x85B5948Ecc0b20A89267F7C6f35f656C38268642...
[GenLayer] Tx hash: 0xd65370cb1d59a2fda3b0b3c86051cf4e3942a7e94a6ce1f2a9bb1879ec1fa62d. Waiting for consensus decision...
[GenLayer] Decided: status=5, execution=FINISHED_WITH_RETURN
Verifying obl-1 on Base Sepolia...
[GenLayer] Estimating fees for verify_source_event...
[GenLayer] Submitting verify_source_event from 0x85B5948Ecc0b20A89267F7C6f35f656C38268642...
[GenLayer] Tx hash: 0xfceab8254fabfdfd2c67e5797eb099fa896d94da11f8bfd464ae5e0c77036515. Waiting for consensus decision...
[GenLayer] Decided: status=5, execution=FINISHED_WITH_RETURN
Verifying obl-2 on Sepolia...
[GenLayer] Estimating fees for verify_source_event...
[GenLayer] Submitting verify_source_event from 0x85B5948Ecc0b20A89267F7C6f35f656C38268642...
[GenLayer] Tx hash: 0x29b59e1d3cdcf4e3d908bd07e4e880f276172ce9b9ad9b66df166ac4049f7db0. Waiting for consensus decision...
[GenLayer] Decided: status=5, execution=FINISHED_WITH_RETURN
Verifying obl-2 on Base Sepolia...
[GenLayer] Estimating fees for verify_source_event...
[GenLayer] Submitting verify_source_event from 0x85B5948Ecc0b20A89267F7C6f35f656C38268642...
[GenLayer] Tx hash: 0xd89722238ef6e31e7b7d3b89de4776ea4be5e81bef6bab2fd53330a4553d359f. Waiting for consensus decision...
[GenLayer] Decided: status=5, execution=FINISHED_WITH_RETURN
Obligation obl-1 state: VERIFIED (expected VERIFIED)
Obligation obl-2 state: VERIFIED (expected VERIFIED)

--- Step 4: AI Clearing Adjudication via Optimistic Democracy ---
[GenLayer] Estimating fees for evaluate_clearing...
[GenLayer] Submitting evaluate_clearing from 0x85B5948Ecc0b20A89267F7C6f35f656C38268642...
[GenLayer] Tx hash: 0x6b8d351170b8f127df9f0fe89b11aece834780bc4db2b1e879bc209b7d125e6b. Waiting for consensus decision...
[GenLayer] Decided: status=5, execution=FINISHED_WITH_RETURN
AI clearing evaluation decided: tx=0x6b8d351170b8f127df9f0fe89b11aece834780bc4db2b1e879bc209b7d125e6b
Obligation obl-1 status after evaluation: CLEARING (expected CLEARING)
Net calculated by GenLayer AI: 400000000000000 wei (0.0004 ETH), direction: A_OWES_B

--- Step 5: Mark Cleared & Fetch Settlement Certificate ---
[GenLayer] Estimating fees for mark_cleared...
[GenLayer] Submitting mark_cleared from 0x85B5948Ecc0b20A89267F7C6f35f656C38268642...
[GenLayer] Tx hash: 0xa81ad5866fc3b76d164a82b431deb7e3670e9097b6732b211604d9b93dc241db. Waiting for consensus decision...
[GenLayer] Decided: status=5, execution=FINISHED_WITH_ERROR
[GenLayer] Estimating fees for reconcile...
[GenLayer] Submitting reconcile from 0x85B5948Ecc0b20A89267F7C6f35f656C38268642...
[GenLayer] Tx hash: 0x34e8976bf35683f0e4634b4150fc651a407173541c49c58568084a7967e4201b. Waiting for consensus decision...
[GenLayer] Decided: status=5, execution=FINISHED_WITH_ERROR
Final Settlement Certificate: {
  "adjudication": {
    "mode": "BILATERAL_NETTING",
    "reason_codes": "[\"CROSS_CHAIN_RECIPROCAL_ROUTE_SEPOLIA_BASE_SEPOLIA\", \"NET_EXPOSURE_REMAINS_TO_PARTY_A\", \"ON_CHAIN_DEPOSIT_VERIFIED_BOTH\", \"RECIPROCAL_PARTIES_CONFIRMED\", \"SAME_ASSET_ETH\", \"TERMS_MUTUALLY_COMPATIBLE\"]",
    "summary": "The obligations are reciprocal between the same two parties in opposite directions, use the same settlement asset (ETH), and specify compatible Sepolia/Base Sepolia reciprocal payment routes. The terms are commercially compatible and enforceable as stated, and both sides have ver"
  },
  "cleared_at_block": "",
  "currency": "ETH",
  "net_atto_amount": "400000000000000",
  "net_direction": "A_OWES_B",
  "obligation_id": "obl-1",
  "party_a": "0x85B5948Ecc0b20A89267F7C6f35f656C38268642",
  "party_b": "0x70997970C51812dc3A010C7d01b50e0d17dc79C8",
  "source_proofs": {
    "base_tx": "0xbdd8b9bbd63c4b0d0a3f586469d5a87ae084606b1b9cef67d67a079a09560dea",
    "sepolia_tx": "0x810cbd330f707d0a2a0741471a936ad5a403da6d62cf04e51459356633263557"
  },
  "status": "CLEARING"
}

--- Step 6: Native EVM Vault Unlock with Settlement Certificate ---
Executing unlockWithCertificate on Sepolia Vault...
  Recipient (Bob): 0x70997970C51812dc3A010C7d01b50e0d17dc79C8, Net: 400000000000000 wei (0.0004 ETH)
  Refund (Alice): 0x85B5948Ecc0b20A89267F7C6f35f656C38268642, Refund: 600000000000000 wei (0.0006 ETH)
  Certificate Tx Hash: 0x6b8d351170b8f127df9f0fe89b11aece834780bc4db2b1e879bc209b7d125e6b
Sepolia unlock transaction: 0xd2d14af06b39f8ab9940c86507032b7f2412af9e96fb018d2aaff6acba59632b
Sepolia unlock confirmed: status=success (block 11723829)
Final Sepolia Vault Deposit State: 3 (expected 3=SETTLED)

==================================================================
=== LIVE PROVING COMPLETE: Mode 1 Netting Confirmed Across Chains ===
==================================================================
